/Users/dyllon/Developer/colima-stack-design-award/ColimaStack/Views/MainWindowView.swift:135:                        Image(systemName: "cube.transparent")
/Users/dyllon/Developer/colima-stack-design-award/ColimaStack/Views/MainWindowView.swift:195:                                    Image(systemName: "hexagon")
/Users/dyllon/Developer/colima-stack-design-award/ColimaStack/Views/MainWindowView.swift:214:                        Image(systemName: "plus")
/Users/dyllon/Developer/colima-stack-design-award/ColimaStack/Views/MainWindowView.swift:389:                                Image(systemName: "minus.circle")
/Users/dyllon/Developer/colima-stack-design-award/ColimaStack/Views/MainWindowView.swift:486:                    Image(systemName: "plus")
/Users/dyllon/Developer/colima-stack-design-award/ColimaStack/Views/MainWindowView.swift:497:                        Image(systemName: "minus.circle")
/Users/dyllon/Developer/colima-stack-design-award/ColimaStack/Views/MainWindowView.swift:88:                            Image(systemName: "xmark.circle.fill")
/Users/dyllon/Developer/colima-stack-design-award/ColimaStack/Views/MenuBarView.swift:8:        Image(systemName: symbol)
/Users/dyllon/Developer/colima-stack-design-award/ColimaStack/Views/WorkspaceComponents.swift:129:        .background(Color(nsColor: .controlBackgroundColor))
/Users/dyllon/Developer/colima-stack-design-award/ColimaStack/Views/WorkspaceComponents.swift:166:            Image(systemName: symbol)
/Users/dyllon/Developer/colima-stack-design-award/ColimaStack/Views/WorkspaceComponents.swift:167:                .font(.system(size: 26, weight: .semibold))
/Users/dyllon/Developer/colima-stack-design-award/ColimaStack/Views/WorkspaceComponents.swift:215:            Image(systemName: symbol)
/Users/dyllon/Developer/colima-stack-design-award/ColimaStack/Views/WorkspaceComponents.swift:257:        .background(Color(nsColor: .controlBackgroundColor))
/Users/dyllon/Developer/colima-stack-design-award/ColimaStack/Views/WorkspaceComponents.swift:307:                        .fill(Color(nsColor: .separatorColor).opacity(0.2))
/Users/dyllon/Developer/colima-stack-design-award/ColimaStack/Views/WorkspaceComponents.swift:358:            .background(Color(nsColor: .underPageBackgroundColor))
/Users/dyllon/Developer/colima-stack-design-award/ColimaStack/Views/WorkspaceComponents.swift:364:        .background(Color(nsColor: .controlBackgroundColor))
/Users/dyllon/Developer/colima-stack-design-award/ColimaStack/Views/WorkspaceComponents.swift:435:        .background(Color(nsColor: .textBackgroundColor))
/Users/dyllon/Developer/colima-stack-design-award/ColimaStack/Views/WorkspaceComponents.swift:44:                            .font(.system(size: 28, weight: .semibold))
/Users/dyllon/Developer/colima-stack-design-award/ColimaStack/Views/WorkspaceComponents.swift:476:            Image(systemName: symbol)
/Users/dyllon/Developer/colima-stack-design-award/ColimaStack/Views/WorkspaceComponents.swift:60:        .background(Color(nsColor: .windowBackgroundColor))
/Users/dyllon/Developer/colima-stack-design-award/ColimaStack/Views/WorkspaceScreens.swift:916:        .background(Color(nsColor: .windowBackgroundColor))
/Users/dyllon/Developer/colima-stack-design-award/ColimaStack/Views/WorkspaceScreens.swift:946:        .background(Color(nsColor: .windowBackgroundColor))
