/Users/dyllon/Developer/colima-stack-design-award/ColimaStack/Views/Chrome/WorkspaceChrome.swift:173:                        Image(systemName: "xmark.circle.fill")
/Users/dyllon/Developer/colima-stack-design-award/ColimaStack/Views/Chrome/WorkspaceChrome.swift:327:                    Image(systemName: Icon.Action.add.symbolName)
/Users/dyllon/Developer/colima-stack-design-award/ColimaStack/Views/Chrome/WorkspaceChrome.swift:474:            Image(systemName: "checkmark.circle.fill")
/Users/dyllon/Developer/colima-stack-design-award/ColimaStack/Views/Chrome/WorkspaceChrome.swift:477:            Image(systemName: "exclamationmark.triangle.fill")
/Users/dyllon/Developer/colima-stack-design-award/ColimaStack/Views/Chrome/WorkspaceChrome.swift:480:            Image(systemName: "xmark.octagon.fill")
/Users/dyllon/Developer/colima-stack-design-award/ColimaStack/Views/Chrome/WorkspaceChrome.swift:565:        AnyView(self.font(.system(size: DesignSystem.IconSize.control, weight: .medium)))
/Users/dyllon/Developer/colima-stack-design-award/ColimaStack/Views/Chrome/WorkspaceChrome.swift:568:        AnyView(self.font(.system(size: DesignSystem.IconSize.row, weight: .medium)))
/Users/dyllon/Developer/colima-stack-design-award/ColimaStack/Views/Chrome/WorkspaceChrome.swift:571:        AnyView(self.font(.system(size: DesignSystem.IconSize.hero, weight: .medium)))
/Users/dyllon/Developer/colima-stack-design-award/ColimaStack/Views/Container/ContainerDetailSheets.swift:122:                    .font(.system(size: 17, weight: .semibold))
/Users/dyllon/Developer/colima-stack-design-award/ColimaStack/Views/Container/ContainerDetailSheets.swift:58:                    .font(.system(size: 17, weight: .semibold))
/Users/dyllon/Developer/colima-stack-design-award/ColimaStack/Views/Container/ContainerDetailSheets.swift:73:            Image(systemName: "magnifyingglass")
/Users/dyllon/Developer/colima-stack-design-award/ColimaStack/Views/Editor/ProfileEditorView.swift:290:                                Image(systemName: "exclamationmark.circle")
/Users/dyllon/Developer/colima-stack-design-award/ColimaStack/Views/Editor/ProfileEditorView.swift:411:                Image(systemName: Icon.Action.remove.symbolName)
/Users/dyllon/Developer/colima-stack-design-award/ColimaStack/Views/Editor/ProfileEditorView.swift:433:                    Image(systemName: Icon.Action.add.symbolName)
/Users/dyllon/Developer/colima-stack-design-award/ColimaStack/Views/Editor/ProfileEditorView.swift:446:                        Image(systemName: Icon.Action.remove.symbolName)
/Users/dyllon/Developer/colima-stack-design-award/ColimaStack/Views/Editor/ProfileEditorView.swift:62:                    .font(.system(size: 17, weight: .semibold))
/Users/dyllon/Developer/colima-stack-design-award/ColimaStack/Views/Onboarding/OnboardingView.swift:114:                    .font(.system(size: 28, weight: .bold))
/Users/dyllon/Developer/colima-stack-design-award/ColimaStack/Views/Onboarding/OnboardingView.swift:132:            Image(systemName: symbol)
/Users/dyllon/Developer/colima-stack-design-award/ColimaStack/Views/Onboarding/OnboardingView.swift:150:                    .font(.system(size: 24, weight: .bold))
/Users/dyllon/Developer/colima-stack-design-award/ColimaStack/Views/Onboarding/OnboardingView.swift:179:                    Image(systemName: Icon.Action.copy.symbolName)
/Users/dyllon/Developer/colima-stack-design-award/ColimaStack/Views/Onboarding/OnboardingView.swift:190:                    .font(.system(size: 24, weight: .bold))
/Users/dyllon/Developer/colima-stack-design-award/ColimaStack/Views/Onboarding/OnboardingView.swift:229:            Image(systemName: "checkmark.seal.fill")
/Users/dyllon/Developer/colima-stack-design-award/ColimaStack/Views/Onboarding/OnboardingView.swift:230:                .font(.system(size: 64, weight: .semibold))
/Users/dyllon/Developer/colima-stack-design-award/ColimaStack/Views/Onboarding/OnboardingView.swift:233:                .font(.system(size: 28, weight: .bold))
/Users/dyllon/Developer/colima-stack-design-award/ColimaStack/Views/Settings/SettingsWindowView.swift:210:                                Image(systemName: Icon.Action.copy.symbolName)
/Users/dyllon/Developer/colima-stack-design-award/ColimaStack/Views/Settings/SettingsWindowView.swift:297:            Image(systemName: symbol)
/Users/dyllon/Developer/colima-stack-design-award/ColimaStack/Views/Settings/SettingsWindowView.swift:298:                .font(.system(size: 18, weight: .medium))
/Users/dyllon/Developer/colima-stack-design-award/ColimaStack/Views/Settings/SettingsWindowView.swift:316:                    Image(systemName: Icon.Action.copy.symbolName)
/Users/dyllon/Developer/colima-stack-design-award/ColimaStack/Views/Terminal/TerminalLogView.swift:131:            .background(Color(nsColor: .textBackgroundColor))
/Users/dyllon/Developer/colima-stack-design-award/ColimaStack/Views/Terminal/TerminalLogView.swift:140:                Image(systemName: showLineNumbers ? "number.square.fill" : "number.square")
/Users/dyllon/Developer/colima-stack-design-award/ColimaStack/Views/Terminal/TerminalLogView.swift:152:                Image(systemName: "trash")
/Users/dyllon/Developer/colima-stack-design-award/ColimaStack/Views/WorkspaceComponents.swift:115:                        .fill(Color(nsColor: .separatorColor).opacity(0.2))
/Users/dyllon/Developer/colima-stack-design-award/ColimaStack/Views/WorkspaceComponents.swift:160:            Image(systemName: symbol)
/Users/dyllon/Developer/colima-stack-design-award/ColimaStack/Views/WorkspaceComponents.swift:47:                            .font(.system(size: 28, weight: .semibold))
/Users/dyllon/Developer/colima-stack-design-award/ColimaStack/Views/WorkspaceComponents.swift:63:        .background(Color(nsColor: .windowBackgroundColor))
/Users/dyllon/Developer/colima-stack-design-award/ColimaStack/Views/WorkspaceScreens.swift:1235:        .background(Color(nsColor: .windowBackgroundColor))
/Users/dyllon/Developer/colima-stack-design-award/ColimaStack/Views/WorkspaceScreens.swift:1265:        .background(Color(nsColor: .windowBackgroundColor))
